EN adder NULL "D:/4th sem 2014/CSE_2X_196/14.02.2014/Composite_adder_substractor/Composite_adder_substractor.vhd" sub00/vhpl00 1392974092
AR composite_adder_substractor_tb testbench_arch "D:/4th sem 2014/CSE_2X_196/14.02.2014/Composite_adder_substractor/Composite_adder_substractor_tb.vhw" sub00/vhpl07 1392974099
EN composite_adder_substractor_tb NULL "D:/4th sem 2014/CSE_2X_196/14.02.2014/Composite_adder_substractor/Composite_adder_substractor_tb.vhw" sub00/vhpl06 1392974098
EN composite NULL "D:/4th sem 2014/CSE_2X_196/14.02.2014/Composite_adder_substractor/Composite_adder_substractor.vhd" sub00/vhpl04 1392974096
AR composite behavioral "D:/4th sem 2014/CSE_2X_196/14.02.2014/Composite_adder_substractor/Composite_adder_substractor.vhd" sub00/vhpl05 1392974097
AR full_adder behavioral "D:/4th sem 2014/CSE_2X_196/14.02.2014/Composite_adder_substractor/Composite_adder_substractor.vhd" sub00/vhpl03 1392974095
AR adder behavioral "D:/4th sem 2014/CSE_2X_196/14.02.2014/Composite_adder_substractor/Composite_adder_substractor.vhd" sub00/vhpl01 1392974093
EN full_adder NULL "D:/4th sem 2014/CSE_2X_196/14.02.2014/Composite_adder_substractor/Composite_adder_substractor.vhd" sub00/vhpl02 1392974094
