V3 13
FL "D:/4th sem 2014/CSE_2X_196/14.02.2014/Composite_adder_substractor/Composite_adder_substractor_tb.vhw" 2014/02/21.14:44:48 I.24
EN work/Composite_adder_substractor_tb 1392974098 \
      FL "D:/4th sem 2014/CSE_2X_196/14.02.2014/Composite_adder_substractor/Composite_adder_substractor_tb.vhw" \
      PB ieee/std_logic_1164 1132105529 PB ieee/std_logic_arith 1132105531 \
      PB ieee/STD_LOGIC_UNSIGNED 1132105537 PB ieee/STD_LOGIC_TEXTIO 1132105539 \
      PB std/textio 1132105521
AR work/Composite_adder_substractor_tb/testbench_arch 1392974099 \
      FL "D:/4th sem 2014/CSE_2X_196/14.02.2014/Composite_adder_substractor/Composite_adder_substractor_tb.vhw" \
      EN work/Composite_adder_substractor_tb 1392974098 CP Composite \
      PB ieee/STD_LOGIC_TEXTIO 1132105539
FL "D:/4th sem 2014/CSE_2X_196/14.02.2014/Composite_adder_substractor/Composite_adder_substractor.vhd" 2014/02/21.14:44:03 I.24
EN work/Adder 1392974092 \
      FL "D:/4th sem 2014/CSE_2X_196/14.02.2014/Composite_adder_substractor/Composite_adder_substractor.vhd" \
      PB ieee/std_logic_1164 1132105529 PB ieee/std_logic_arith 1132105531 \
      PB ieee/STD_LOGIC_UNSIGNED 1132105537
AR work/Adder/Behavioral 1392974093 \
      FL "D:/4th sem 2014/CSE_2X_196/14.02.2014/Composite_adder_substractor/Composite_adder_substractor.vhd" \
      EN work/Adder 1392974092
EN work/Full_Adder 1392974094 \
      FL "D:/4th sem 2014/CSE_2X_196/14.02.2014/Composite_adder_substractor/Composite_adder_substractor.vhd" \
      PB ieee/std_logic_1164 1132105529 PB ieee/std_logic_arith 1132105531 \
      PB ieee/STD_LOGIC_UNSIGNED 1132105537
AR work/Full_Adder/Behavioral 1392974095 \
      FL "D:/4th sem 2014/CSE_2X_196/14.02.2014/Composite_adder_substractor/Composite_adder_substractor.vhd" \
      EN work/Full_Adder 1392974094 CP Adder
EN work/Composite 1392974096 \
      FL "D:/4th sem 2014/CSE_2X_196/14.02.2014/Composite_adder_substractor/Composite_adder_substractor.vhd" \
      PB ieee/std_logic_1164 1132105529 PB ieee/std_logic_arith 1132105531 \
      PB ieee/STD_LOGIC_UNSIGNED 1132105537
AR work/Composite/Behavioral 1392974097 \
      FL "D:/4th sem 2014/CSE_2X_196/14.02.2014/Composite_adder_substractor/Composite_adder_substractor.vhd" \
      EN work/Composite 1392974096 CP Full_Adder
